________________________
__0_____1_____2_____3___
|     |     |     |     |0
|     |     |pawn1|     |1
|     |     |     |     |2
|     |     |pawn2|     |3
|     |     |     |     |4
------------------------
White
________________________
__0_____1_____2_____3___
|     |     |     |     |0
|     |     |     |     |1
|     |     |pawn1|     |2
|     |     |pawn2|     |3
|     |     |     |     |4
------------------------
